[1 ] TOKEN:: int                 TOKEN_TYPE: TOKEN_INT
[2 ] TOKEN:: main                TOKEN_TYPE: TOKEN_IDENTIFIER
[3 ] TOKEN:: (                   TOKEN_TYPE: TOKEN_LPAREN
[4 ] TOKEN:: )                   TOKEN_TYPE: TOKEN_RPAREN
[5 ] TOKEN:: {                   TOKEN_TYPE: TOKEN_LBRACE
[6 ] TOKEN:: int                 TOKEN_TYPE: TOKEN_INT
[7 ] TOKEN:: arr                 TOKEN_TYPE: TOKEN_IDENTIFIER
[8 ] TOKEN:: [                   TOKEN_TYPE: TOKEN_LBRACKET
[9 ] TOKEN:: 10                  TOKEN_TYPE: TOKEN_INT_LITERAL
[10] TOKEN:: ]                   TOKEN_TYPE: TOKEN_RBRACKET
[11] TOKEN:: ;                   TOKEN_TYPE: TOKEN_SEMICOLON
[12] TOKEN:: arr                 TOKEN_TYPE: TOKEN_IDENTIFIER
[13] TOKEN:: [                   TOKEN_TYPE: TOKEN_LBRACKET
[14] TOKEN:: 0                   TOKEN_TYPE: TOKEN_INT_LITERAL
[15] TOKEN:: ]                   TOKEN_TYPE: TOKEN_RBRACKET
[16] TOKEN:: =                   TOKEN_TYPE: TOKEN_ASSIGN
[17] TOKEN:: 1                   TOKEN_TYPE: TOKEN_INT_LITERAL
[18] TOKEN:: ;                   TOKEN_TYPE: TOKEN_SEMICOLON
[19] TOKEN:: return              TOKEN_TYPE: TOKEN_RETURN
[20] TOKEN:: arr                 TOKEN_TYPE: TOKEN_IDENTIFIER
[21] TOKEN:: [                   TOKEN_TYPE: TOKEN_LBRACKET
[22] TOKEN:: 0                   TOKEN_TYPE: TOKEN_INT_LITERAL
[23] TOKEN:: ]                   TOKEN_TYPE: TOKEN_RBRACKET
[24] TOKEN:: ;                   TOKEN_TYPE: TOKEN_SEMICOLON
[25] TOKEN:: }                   TOKEN_TYPE: TOKEN_RBRACE
[26] TOKEN::                     TOKEN_TYPE: TOKEN_EOF
