[1] TOKEN:: A\n                 TOKEN_TYPE: TOKEN_STRING_LITERAL
[2] TOKEN:: A\tB                TOKEN_TYPE: TOKEN_STRING_LITERAL
[3] TOKEN:: A\rB                TOKEN_TYPE: TOKEN_STRING_LITERAL
[4] TOKEN:: A\\B                TOKEN_TYPE: TOKEN_STRING_LITERAL
[5] TOKEN:: A\"B                TOKEN_TYPE: TOKEN_STRING_LITERAL
[6] TOKEN:: A\0B                TOKEN_TYPE: TOKEN_STRING_LITERAL
[7] TOKEN::                     TOKEN_TYPE: TOKEN_EOF
