[1 ] TOKEN:: int                 TOKEN_TYPE: TOKEN_INT
[2 ] TOKEN:: main                TOKEN_TYPE: TOKEN_IDENTIFIER
[3 ] TOKEN:: (                   TOKEN_TYPE: TOKEN_LPAREN
[4 ] TOKEN:: )                   TOKEN_TYPE: TOKEN_RPAREN
[5 ] TOKEN:: {                   TOKEN_TYPE: TOKEN_LBRACE
[6 ] TOKEN:: int                 TOKEN_TYPE: TOKEN_INT
[7 ] TOKEN:: x                   TOKEN_TYPE: TOKEN_IDENTIFIER
[8 ] TOKEN:: =                   TOKEN_TYPE: TOKEN_ASSIGN
[9 ] TOKEN:: 10                  TOKEN_TYPE: TOKEN_INT_LITERAL
[10] TOKEN:: ;                   TOKEN_TYPE: TOKEN_SEMICOLON
[11] TOKEN:: if                  TOKEN_TYPE: TOKEN_IF
[12] TOKEN:: (                   TOKEN_TYPE: TOKEN_LPAREN
[13] TOKEN:: x                   TOKEN_TYPE: TOKEN_IDENTIFIER
[14] TOKEN:: >                   TOKEN_TYPE: TOKEN_GT
[15] TOKEN:: 5                   TOKEN_TYPE: TOKEN_INT_LITERAL
[16] TOKEN:: )                   TOKEN_TYPE: TOKEN_RPAREN
[17] TOKEN:: {                   TOKEN_TYPE: TOKEN_LBRACE
[18] TOKEN:: return              TOKEN_TYPE: TOKEN_RETURN
[19] TOKEN:: 1                   TOKEN_TYPE: TOKEN_INT_LITERAL
[20] TOKEN:: ;                   TOKEN_TYPE: TOKEN_SEMICOLON
[21] TOKEN:: }                   TOKEN_TYPE: TOKEN_RBRACE
[22] TOKEN:: else                TOKEN_TYPE: TOKEN_ELSE
[23] TOKEN:: {                   TOKEN_TYPE: TOKEN_LBRACE
[24] TOKEN:: return              TOKEN_TYPE: TOKEN_RETURN
[25] TOKEN:: 0                   TOKEN_TYPE: TOKEN_INT_LITERAL
[26] TOKEN:: ;                   TOKEN_TYPE: TOKEN_SEMICOLON
[27] TOKEN:: }                   TOKEN_TYPE: TOKEN_RBRACE
[28] TOKEN:: }                   TOKEN_TYPE: TOKEN_RBRACE
[29] TOKEN::                     TOKEN_TYPE: TOKEN_EOF
