[1 ] TOKEN:: int                 TOKEN_TYPE: TOKEN_INT
[2 ] TOKEN:: main                TOKEN_TYPE: TOKEN_IDENTIFIER
[3 ] TOKEN:: (                   TOKEN_TYPE: TOKEN_LPAREN
[4 ] TOKEN:: )                   TOKEN_TYPE: TOKEN_RPAREN
[5 ] TOKEN:: {                   TOKEN_TYPE: TOKEN_LBRACE
[6 ] TOKEN:: int                 TOKEN_TYPE: TOKEN_INT
[7 ] TOKEN:: i                   TOKEN_TYPE: TOKEN_IDENTIFIER
[8 ] TOKEN:: =                   TOKEN_TYPE: TOKEN_ASSIGN
[9 ] TOKEN:: 0                   TOKEN_TYPE: TOKEN_INT_LITERAL
[10] TOKEN:: ;                   TOKEN_TYPE: TOKEN_SEMICOLON
[11] TOKEN:: i                   TOKEN_TYPE: TOKEN_IDENTIFIER
[12] TOKEN:: ++                  TOKEN_TYPE: TOKEN_INCREMENT
[13] TOKEN:: ;                   TOKEN_TYPE: TOKEN_SEMICOLON
[14] TOKEN:: ++                  TOKEN_TYPE: TOKEN_INCREMENT
[15] TOKEN:: i                   TOKEN_TYPE: TOKEN_IDENTIFIER
[16] TOKEN:: ;                   TOKEN_TYPE: TOKEN_SEMICOLON
[17] TOKEN:: return              TOKEN_TYPE: TOKEN_RETURN
[18] TOKEN:: i                   TOKEN_TYPE: TOKEN_IDENTIFIER
[19] TOKEN:: ;                   TOKEN_TYPE: TOKEN_SEMICOLON
[20] TOKEN:: }                   TOKEN_TYPE: TOKEN_RBRACE
[21] TOKEN::                     TOKEN_TYPE: TOKEN_EOF
