[1 ] TOKEN:: int                 TOKEN_TYPE: TOKEN_INT
[2 ] TOKEN:: main                TOKEN_TYPE: TOKEN_IDENTIFIER
[3 ] TOKEN:: (                   TOKEN_TYPE: TOKEN_LPAREN
[4 ] TOKEN:: )                   TOKEN_TYPE: TOKEN_RPAREN
[5 ] TOKEN:: {                   TOKEN_TYPE: TOKEN_LBRACE
[6 ] TOKEN:: int                 TOKEN_TYPE: TOKEN_INT
[7 ] TOKEN:: x                   TOKEN_TYPE: TOKEN_IDENTIFIER
[8 ] TOKEN:: =                   TOKEN_TYPE: TOKEN_ASSIGN
[9 ] TOKEN:: 7                   TOKEN_TYPE: TOKEN_INT_LITERAL
[10] TOKEN:: ;                   TOKEN_TYPE: TOKEN_SEMICOLON
[11] TOKEN:: int                 TOKEN_TYPE: TOKEN_INT
[12] TOKEN:: *                   TOKEN_TYPE: TOKEN_STAR
[13] TOKEN:: p                   TOKEN_TYPE: TOKEN_IDENTIFIER
[14] TOKEN:: =                   TOKEN_TYPE: TOKEN_ASSIGN
[15] TOKEN:: &                   TOKEN_TYPE: TOKEN_AMPERSAND
[16] TOKEN:: x                   TOKEN_TYPE: TOKEN_IDENTIFIER
[17] TOKEN:: ;                   TOKEN_TYPE: TOKEN_SEMICOLON
[18] TOKEN:: *                   TOKEN_TYPE: TOKEN_STAR
[19] TOKEN:: p                   TOKEN_TYPE: TOKEN_IDENTIFIER
[20] TOKEN:: =                   TOKEN_TYPE: TOKEN_ASSIGN
[21] TOKEN:: 9                   TOKEN_TYPE: TOKEN_INT_LITERAL
[22] TOKEN:: ;                   TOKEN_TYPE: TOKEN_SEMICOLON
[23] TOKEN:: return              TOKEN_TYPE: TOKEN_RETURN
[24] TOKEN:: *                   TOKEN_TYPE: TOKEN_STAR
[25] TOKEN:: p                   TOKEN_TYPE: TOKEN_IDENTIFIER
[26] TOKEN:: ;                   TOKEN_TYPE: TOKEN_SEMICOLON
[27] TOKEN:: }                   TOKEN_TYPE: TOKEN_RBRACE
[28] TOKEN::                     TOKEN_TYPE: TOKEN_EOF
