[1 ] TOKEN:: int                 TOKEN_TYPE: TOKEN_INT
[2 ] TOKEN:: main                TOKEN_TYPE: TOKEN_IDENTIFIER
[3 ] TOKEN:: (                   TOKEN_TYPE: TOKEN_LPAREN
[4 ] TOKEN:: )                   TOKEN_TYPE: TOKEN_RPAREN
[5 ] TOKEN:: {                   TOKEN_TYPE: TOKEN_LBRACE
[6 ] TOKEN:: int                 TOKEN_TYPE: TOKEN_INT
[7 ] TOKEN:: arr                 TOKEN_TYPE: TOKEN_IDENTIFIER
[8 ] TOKEN:: [                   TOKEN_TYPE: TOKEN_LBRACKET
[9 ] TOKEN:: 3                   TOKEN_TYPE: TOKEN_INT_LITERAL
[10] TOKEN:: ]                   TOKEN_TYPE: TOKEN_RBRACKET
[11] TOKEN:: ;                   TOKEN_TYPE: TOKEN_SEMICOLON
[12] TOKEN:: arr                 TOKEN_TYPE: TOKEN_IDENTIFIER
[13] TOKEN:: [                   TOKEN_TYPE: TOKEN_LBRACKET
[14] TOKEN:: 0                   TOKEN_TYPE: TOKEN_INT_LITERAL
[15] TOKEN:: ]                   TOKEN_TYPE: TOKEN_RBRACKET
[16] TOKEN:: =                   TOKEN_TYPE: TOKEN_ASSIGN
[17] TOKEN:: 10                  TOKEN_TYPE: TOKEN_INT_LITERAL
[18] TOKEN:: ;                   TOKEN_TYPE: TOKEN_SEMICOLON
[19] TOKEN:: arr                 TOKEN_TYPE: TOKEN_IDENTIFIER
[20] TOKEN:: [                   TOKEN_TYPE: TOKEN_LBRACKET
[21] TOKEN:: 1                   TOKEN_TYPE: TOKEN_INT_LITERAL
[22] TOKEN:: ]                   TOKEN_TYPE: TOKEN_RBRACKET
[23] TOKEN:: =                   TOKEN_TYPE: TOKEN_ASSIGN
[24] TOKEN:: 20                  TOKEN_TYPE: TOKEN_INT_LITERAL
[25] TOKEN:: ;                   TOKEN_TYPE: TOKEN_SEMICOLON
[26] TOKEN:: arr                 TOKEN_TYPE: TOKEN_IDENTIFIER
[27] TOKEN:: [                   TOKEN_TYPE: TOKEN_LBRACKET
[28] TOKEN:: 2                   TOKEN_TYPE: TOKEN_INT_LITERAL
[29] TOKEN:: ]                   TOKEN_TYPE: TOKEN_RBRACKET
[30] TOKEN:: =                   TOKEN_TYPE: TOKEN_ASSIGN
[31] TOKEN:: 30                  TOKEN_TYPE: TOKEN_INT_LITERAL
[32] TOKEN:: ;                   TOKEN_TYPE: TOKEN_SEMICOLON
[33] TOKEN:: return              TOKEN_TYPE: TOKEN_RETURN
[34] TOKEN:: arr                 TOKEN_TYPE: TOKEN_IDENTIFIER
[35] TOKEN:: [                   TOKEN_TYPE: TOKEN_LBRACKET
[36] TOKEN:: 1                   TOKEN_TYPE: TOKEN_INT_LITERAL
[37] TOKEN:: ]                   TOKEN_TYPE: TOKEN_RBRACKET
[38] TOKEN:: +                   TOKEN_TYPE: TOKEN_PLUS
[39] TOKEN:: arr                 TOKEN_TYPE: TOKEN_IDENTIFIER
[40] TOKEN:: [                   TOKEN_TYPE: TOKEN_LBRACKET
[41] TOKEN:: 2                   TOKEN_TYPE: TOKEN_INT_LITERAL
[42] TOKEN:: ]                   TOKEN_TYPE: TOKEN_RBRACKET
[43] TOKEN:: ;                   TOKEN_TYPE: TOKEN_SEMICOLON
[44] TOKEN:: }                   TOKEN_TYPE: TOKEN_RBRACE
[45] TOKEN::                     TOKEN_TYPE: TOKEN_EOF
