[1 ] TOKEN:: int                 TOKEN_TYPE: TOKEN_INT
[2 ] TOKEN:: main                TOKEN_TYPE: TOKEN_IDENTIFIER
[3 ] TOKEN:: (                   TOKEN_TYPE: TOKEN_LPAREN
[4 ] TOKEN:: )                   TOKEN_TYPE: TOKEN_RPAREN
[5 ] TOKEN:: {                   TOKEN_TYPE: TOKEN_LBRACE
[6 ] TOKEN:: int                 TOKEN_TYPE: TOKEN_INT
[7 ] TOKEN:: abcdefghijklmno...  TOKEN_TYPE: TOKEN_IDENTIFIER
[8 ] TOKEN:: =                   TOKEN_TYPE: TOKEN_ASSIGN
[9 ] TOKEN:: 1                   TOKEN_TYPE: TOKEN_INT_LITERAL
[10] TOKEN:: ;                   TOKEN_TYPE: TOKEN_SEMICOLON
[11] TOKEN:: int                 TOKEN_TYPE: TOKEN_INT
[12] TOKEN:: short_name          TOKEN_TYPE: TOKEN_IDENTIFIER
[13] TOKEN:: =                   TOKEN_TYPE: TOKEN_ASSIGN
[14] TOKEN:: 2                   TOKEN_TYPE: TOKEN_INT_LITERAL
[15] TOKEN:: ;                   TOKEN_TYPE: TOKEN_SEMICOLON
[16] TOKEN:: return              TOKEN_TYPE: TOKEN_RETURN
[17] TOKEN:: abcdefghijklmno...  TOKEN_TYPE: TOKEN_IDENTIFIER
[18] TOKEN:: +                   TOKEN_TYPE: TOKEN_PLUS
[19] TOKEN:: short_name          TOKEN_TYPE: TOKEN_IDENTIFIER
[20] TOKEN:: ;                   TOKEN_TYPE: TOKEN_SEMICOLON
[21] TOKEN:: }                   TOKEN_TYPE: TOKEN_RBRACE
[22] TOKEN::                     TOKEN_TYPE: TOKEN_EOF
