section .text
global main
main:
    push rbp
    mov rbp, rsp
    sub rsp, 48
    mov [rbp - 8], rbx
    mov [rbp - 16], r12
    mov [rbp - 24], r13
    mov [rbp - 32], r14
    mov [rbp - 40], r15
    mov eax, 20
    push rax
    mov eax, 6
    pop rcx
    xchg eax, ecx
    cdq
    idiv ecx
    mov eax, edx
    mov r12, [rbp - 16]
    mov r13, [rbp - 24]
    mov r14, [rbp - 32]
    mov r15, [rbp - 40]
    mov rbx, [rbp - 8]
    mov rsp, rbp
    pop rbp
    ret
section .data
Lstatic_main___func__0: db 109, 97, 105, 110, 0

section .note.GNU-stack noalloc noexec nowrite progbits
