section .text
global main
main:
    push rbp
    mov rbp, rsp
    sub rsp, 32
    mov [rbp - 8], rbx
    mov byte [rbp - 13], 104
    mov byte [rbp - 12], 105
    mov byte [rbp - 11], 0
    mov byte [rbp - 10], 0
    mov byte [rbp - 9], 0
    mov eax, 0
    mov rbx, [rbp - 8]
    mov rsp, rbp
    pop rbp
    ret
section .data
Lstatic_main___func__0: db 109, 97, 105, 110, 0

section .note.GNU-stack noalloc noexec nowrite progbits
