section .text
global main
main:
    push rbp
    mov rbp, rsp
    sub rsp, 16
    mov [rbp - 8], rbx
    mov eax, 16
    push rax
    mov eax, 2
    pop rcx
    xchg rax, rcx
    sar eax, cl
    mov rbx, [rbp - 8]
    mov rsp, rbp
    pop rbp
    ret
section .data
Lstatic_main___func__0: db 109, 97, 105, 110, 0

section .note.GNU-stack noalloc noexec nowrite progbits
