TranslationUnit:
  FunctionDecl: main
    Block
      VariableDeclaration: int sum
        IntLiteral: 0
      VariableDeclaration: int i
        IntLiteral: 0
      ForStmt:
        Assignment: i
          IntLiteral: 1
        Binary: LESSTHANOREQUAL
          VariableExpression: i
          IntLiteral: 10
        Assignment: i
          Binary: ADD
            VariableExpression: i
            IntLiteral: 1
        Block
          ExpressionStatement
            Assignment: sum
              Binary: ADD
                VariableExpression: sum
                VariableExpression: i
      ReturnStmt:
        VariableExpression: sum
