[1 ] [01:01] TOKEN:: int                 TOKEN_TYPE: TOKEN_INT
[2 ] [01:05] TOKEN:: main                TOKEN_TYPE: TOKEN_IDENTIFIER
[3 ] [01:09] TOKEN:: (                   TOKEN_TYPE: TOKEN_LPAREN
[4 ] [01:10] TOKEN:: )                   TOKEN_TYPE: TOKEN_RPAREN
[5 ] [01:12] TOKEN:: {                   TOKEN_TYPE: TOKEN_LBRACE
[6 ] [02:05] TOKEN:: int                 TOKEN_TYPE: TOKEN_INT
[7 ] [02:09] TOKEN:: a                   TOKEN_TYPE: TOKEN_IDENTIFIER
[8 ] [02:11] TOKEN:: =                   TOKEN_TYPE: TOKEN_ASSIGN
[9 ] [02:13] TOKEN:: 1                   TOKEN_TYPE: TOKEN_INT_LITERAL
[10] [02:14] TOKEN:: ;                   TOKEN_TYPE: TOKEN_SEMICOLON
[11] [03:05] TOKEN:: int                 TOKEN_TYPE: TOKEN_INT
[12] [03:09] TOKEN:: b                   TOKEN_TYPE: TOKEN_IDENTIFIER
[13] [03:11] TOKEN:: =                   TOKEN_TYPE: TOKEN_ASSIGN
[14] [03:13] TOKEN:: 2                   TOKEN_TYPE: TOKEN_INT_LITERAL
[15] [03:14] TOKEN:: ;                   TOKEN_TYPE: TOKEN_SEMICOLON
[16] [04:05] TOKEN:: if                  TOKEN_TYPE: TOKEN_IF
[17] [04:08] TOKEN:: (                   TOKEN_TYPE: TOKEN_LPAREN
[18] [04:09] TOKEN:: a                   TOKEN_TYPE: TOKEN_IDENTIFIER
[19] [04:11] TOKEN:: <                   TOKEN_TYPE: TOKEN_LT
[20] [04:13] TOKEN:: b                   TOKEN_TYPE: TOKEN_IDENTIFIER
[21] [04:14] TOKEN:: )                   TOKEN_TYPE: TOKEN_RPAREN
[22] [04:16] TOKEN:: {                   TOKEN_TYPE: TOKEN_LBRACE
[23] [04:18] TOKEN:: return              TOKEN_TYPE: TOKEN_RETURN
[24] [04:25] TOKEN:: 1                   TOKEN_TYPE: TOKEN_INT_LITERAL
[25] [04:26] TOKEN:: ;                   TOKEN_TYPE: TOKEN_SEMICOLON
[26] [04:28] TOKEN:: }                   TOKEN_TYPE: TOKEN_RBRACE
[27] [05:05] TOKEN:: if                  TOKEN_TYPE: TOKEN_IF
[28] [05:08] TOKEN:: (                   TOKEN_TYPE: TOKEN_LPAREN
[29] [05:09] TOKEN:: a                   TOKEN_TYPE: TOKEN_IDENTIFIER
[30] [05:11] TOKEN:: <=                  TOKEN_TYPE: TOKEN_LE
[31] [05:14] TOKEN:: b                   TOKEN_TYPE: TOKEN_IDENTIFIER
[32] [05:15] TOKEN:: )                   TOKEN_TYPE: TOKEN_RPAREN
[33] [05:17] TOKEN:: {                   TOKEN_TYPE: TOKEN_LBRACE
[34] [05:19] TOKEN:: return              TOKEN_TYPE: TOKEN_RETURN
[35] [05:26] TOKEN:: 2                   TOKEN_TYPE: TOKEN_INT_LITERAL
[36] [05:27] TOKEN:: ;                   TOKEN_TYPE: TOKEN_SEMICOLON
[37] [05:29] TOKEN:: }                   TOKEN_TYPE: TOKEN_RBRACE
[38] [06:05] TOKEN:: if                  TOKEN_TYPE: TOKEN_IF
[39] [06:08] TOKEN:: (                   TOKEN_TYPE: TOKEN_LPAREN
[40] [06:09] TOKEN:: a                   TOKEN_TYPE: TOKEN_IDENTIFIER
[41] [06:11] TOKEN:: >                   TOKEN_TYPE: TOKEN_GT
[42] [06:13] TOKEN:: b                   TOKEN_TYPE: TOKEN_IDENTIFIER
[43] [06:14] TOKEN:: )                   TOKEN_TYPE: TOKEN_RPAREN
[44] [06:16] TOKEN:: {                   TOKEN_TYPE: TOKEN_LBRACE
[45] [06:18] TOKEN:: return              TOKEN_TYPE: TOKEN_RETURN
[46] [06:25] TOKEN:: 3                   TOKEN_TYPE: TOKEN_INT_LITERAL
[47] [06:26] TOKEN:: ;                   TOKEN_TYPE: TOKEN_SEMICOLON
[48] [06:28] TOKEN:: }                   TOKEN_TYPE: TOKEN_RBRACE
[49] [07:05] TOKEN:: if                  TOKEN_TYPE: TOKEN_IF
[50] [07:08] TOKEN:: (                   TOKEN_TYPE: TOKEN_LPAREN
[51] [07:09] TOKEN:: a                   TOKEN_TYPE: TOKEN_IDENTIFIER
[52] [07:11] TOKEN:: >=                  TOKEN_TYPE: TOKEN_GE
[53] [07:14] TOKEN:: b                   TOKEN_TYPE: TOKEN_IDENTIFIER
[54] [07:15] TOKEN:: )                   TOKEN_TYPE: TOKEN_RPAREN
[55] [07:17] TOKEN:: {                   TOKEN_TYPE: TOKEN_LBRACE
[56] [07:19] TOKEN:: return              TOKEN_TYPE: TOKEN_RETURN
[57] [07:26] TOKEN:: 4                   TOKEN_TYPE: TOKEN_INT_LITERAL
[58] [07:27] TOKEN:: ;                   TOKEN_TYPE: TOKEN_SEMICOLON
[59] [07:29] TOKEN:: }                   TOKEN_TYPE: TOKEN_RBRACE
[60] [08:05] TOKEN:: if                  TOKEN_TYPE: TOKEN_IF
[61] [08:08] TOKEN:: (                   TOKEN_TYPE: TOKEN_LPAREN
[62] [08:09] TOKEN:: a                   TOKEN_TYPE: TOKEN_IDENTIFIER
[63] [08:11] TOKEN:: ==                  TOKEN_TYPE: TOKEN_EQ
[64] [08:14] TOKEN:: b                   TOKEN_TYPE: TOKEN_IDENTIFIER
[65] [08:15] TOKEN:: )                   TOKEN_TYPE: TOKEN_RPAREN
[66] [08:17] TOKEN:: {                   TOKEN_TYPE: TOKEN_LBRACE
[67] [08:19] TOKEN:: return              TOKEN_TYPE: TOKEN_RETURN
[68] [08:26] TOKEN:: 5                   TOKEN_TYPE: TOKEN_INT_LITERAL
[69] [08:27] TOKEN:: ;                   TOKEN_TYPE: TOKEN_SEMICOLON
[70] [08:29] TOKEN:: }                   TOKEN_TYPE: TOKEN_RBRACE
[71] [09:05] TOKEN:: if                  TOKEN_TYPE: TOKEN_IF
[72] [09:08] TOKEN:: (                   TOKEN_TYPE: TOKEN_LPAREN
[73] [09:09] TOKEN:: a                   TOKEN_TYPE: TOKEN_IDENTIFIER
[74] [09:11] TOKEN:: !=                  TOKEN_TYPE: TOKEN_NE
[75] [09:14] TOKEN:: b                   TOKEN_TYPE: TOKEN_IDENTIFIER
[76] [09:15] TOKEN:: )                   TOKEN_TYPE: TOKEN_RPAREN
[77] [09:17] TOKEN:: {                   TOKEN_TYPE: TOKEN_LBRACE
[78] [09:19] TOKEN:: return              TOKEN_TYPE: TOKEN_RETURN
[79] [09:26] TOKEN:: 6                   TOKEN_TYPE: TOKEN_INT_LITERAL
[80] [09:27] TOKEN:: ;                   TOKEN_TYPE: TOKEN_SEMICOLON
[81] [09:29] TOKEN:: }                   TOKEN_TYPE: TOKEN_RBRACE
[82] [10:05] TOKEN:: return              TOKEN_TYPE: TOKEN_RETURN
[83] [10:12] TOKEN:: 0                   TOKEN_TYPE: TOKEN_INT_LITERAL
[84] [10:13] TOKEN:: ;                   TOKEN_TYPE: TOKEN_SEMICOLON
[85] [11:01] TOKEN:: }                   TOKEN_TYPE: TOKEN_RBRACE
[86] [12:01] TOKEN::                     TOKEN_TYPE: TOKEN_EOF
