[1 ] [1:01] TOKEN:: int                 TOKEN_TYPE: TOKEN_INT
[2 ] [1:05] TOKEN:: main                TOKEN_TYPE: TOKEN_IDENTIFIER
[3 ] [1:09] TOKEN:: (                   TOKEN_TYPE: TOKEN_LPAREN
[4 ] [1:10] TOKEN:: )                   TOKEN_TYPE: TOKEN_RPAREN
[5 ] [1:12] TOKEN:: {                   TOKEN_TYPE: TOKEN_LBRACE
[6 ] [2:05] TOKEN:: int                 TOKEN_TYPE: TOKEN_INT
[7 ] [2:09] TOKEN:: i                   TOKEN_TYPE: TOKEN_IDENTIFIER
[8 ] [2:11] TOKEN:: =                   TOKEN_TYPE: TOKEN_ASSIGN
[9 ] [2:13] TOKEN:: 0                   TOKEN_TYPE: TOKEN_INT_LITERAL
[10] [2:14] TOKEN:: ;                   TOKEN_TYPE: TOKEN_SEMICOLON
[11] [3:05] TOKEN:: goto                TOKEN_TYPE: TOKEN_GOTO
[12] [3:10] TOKEN:: skip                TOKEN_TYPE: TOKEN_IDENTIFIER
[13] [3:14] TOKEN:: ;                   TOKEN_TYPE: TOKEN_SEMICOLON
[14] [4:05] TOKEN:: i                   TOKEN_TYPE: TOKEN_IDENTIFIER
[15] [4:07] TOKEN:: =                   TOKEN_TYPE: TOKEN_ASSIGN
[16] [4:09] TOKEN:: 99                  TOKEN_TYPE: TOKEN_INT_LITERAL
[17] [4:11] TOKEN:: ;                   TOKEN_TYPE: TOKEN_SEMICOLON
[18] [5:01] TOKEN:: skip                TOKEN_TYPE: TOKEN_IDENTIFIER
[19] [5:05] TOKEN:: :                   TOKEN_TYPE: TOKEN_COLON
[20] [6:05] TOKEN:: return              TOKEN_TYPE: TOKEN_RETURN
[21] [6:12] TOKEN:: i                   TOKEN_TYPE: TOKEN_IDENTIFIER
[22] [6:13] TOKEN:: ;                   TOKEN_TYPE: TOKEN_SEMICOLON
[23] [7:01] TOKEN:: }                   TOKEN_TYPE: TOKEN_RBRACE
[24] [8:01] TOKEN::                     TOKEN_TYPE: TOKEN_EOF
