[1 ] [1:01] TOKEN:: int                 TOKEN_TYPE: TOKEN_INT
[2 ] [1:05] TOKEN:: main                TOKEN_TYPE: TOKEN_IDENTIFIER
[3 ] [1:09] TOKEN:: (                   TOKEN_TYPE: TOKEN_LPAREN
[4 ] [1:10] TOKEN:: )                   TOKEN_TYPE: TOKEN_RPAREN
[5 ] [1:12] TOKEN:: {                   TOKEN_TYPE: TOKEN_LBRACE
[6 ] [2:05] TOKEN:: int                 TOKEN_TYPE: TOKEN_INT
[7 ] [2:09] TOKEN:: arr                 TOKEN_TYPE: TOKEN_IDENTIFIER
[8 ] [2:12] TOKEN:: [                   TOKEN_TYPE: TOKEN_LBRACKET
[9 ] [2:13] TOKEN:: 10                  TOKEN_TYPE: TOKEN_INT_LITERAL
[10] [2:15] TOKEN:: ]                   TOKEN_TYPE: TOKEN_RBRACKET
[11] [2:16] TOKEN:: ;                   TOKEN_TYPE: TOKEN_SEMICOLON
[12] [3:05] TOKEN:: arr                 TOKEN_TYPE: TOKEN_IDENTIFIER
[13] [3:08] TOKEN:: [                   TOKEN_TYPE: TOKEN_LBRACKET
[14] [3:09] TOKEN:: 0                   TOKEN_TYPE: TOKEN_INT_LITERAL
[15] [3:10] TOKEN:: ]                   TOKEN_TYPE: TOKEN_RBRACKET
[16] [3:12] TOKEN:: =                   TOKEN_TYPE: TOKEN_ASSIGN
[17] [3:14] TOKEN:: 1                   TOKEN_TYPE: TOKEN_INT_LITERAL
[18] [3:15] TOKEN:: ;                   TOKEN_TYPE: TOKEN_SEMICOLON
[19] [4:05] TOKEN:: return              TOKEN_TYPE: TOKEN_RETURN
[20] [4:12] TOKEN:: arr                 TOKEN_TYPE: TOKEN_IDENTIFIER
[21] [4:15] TOKEN:: [                   TOKEN_TYPE: TOKEN_LBRACKET
[22] [4:16] TOKEN:: 0                   TOKEN_TYPE: TOKEN_INT_LITERAL
[23] [4:17] TOKEN:: ]                   TOKEN_TYPE: TOKEN_RBRACKET
[24] [4:18] TOKEN:: ;                   TOKEN_TYPE: TOKEN_SEMICOLON
[25] [5:01] TOKEN:: }                   TOKEN_TYPE: TOKEN_RBRACE
[26] [6:01] TOKEN::                     TOKEN_TYPE: TOKEN_EOF
