TranslationUnit:
  TypedefDecl: 
  TypedefDecl: __builtin_va_list
  FunctionDecl: int main
    Block
      VariableDeclaration: int a
        Binary: ADD
          IntLiteral: 2
          Binary: MULTIPLY
            IntLiteral: 3
            IntLiteral: 4
      ReturnStmt:
        VariableExpression: a
