TranslationUnit:
  TypedefDecl: 
  TypedefDecl: __builtin_va_list
  FunctionDecl: int add
    Parameter: int a
    Parameter: int b
    Block
      ReturnStmt:
        Binary: ADD
          VariableExpression: a
          VariableExpression: b
  FunctionDecl: int main
    Block
      VariableDeclaration: function *fp
        VariableExpression: add
      ReturnStmt:
        IndirectCall:
          VariableExpression: fp
          IntLiteral: 3
          IntLiteral: 4
