TranslationUnit:
  TypedefDecl: 
  TypedefDecl: __builtin_va_list
  TypedefDecl: Integer
  TypedefDecl: IntPtr
  FunctionDecl: int main
    Block
      VariableDeclaration: int x
        IntLiteral: 5
      VariableDeclaration: int *p
        AddressOf:
          VariableExpression: x
      ReturnStmt:
        Dereference:
          VariableExpression: p
