TranslationUnit:
  FunctionDecl: int add
    Parameter: int a
    Parameter: int b
    Block
      ReturnStmt:
        Binary: ADD
          VariableExpression: a
          VariableExpression: b
  FunctionDecl: int main
    Block
      ReturnStmt:
        FunctionCall: add
          IntLiteral: 1
          IntLiteral: 2
