TranslationUnit:
  TypedefDecl: 
  TypedefDecl: __builtin_va_list
  FunctionDecl: int main
    Block
      VariableDeclaration: int x
        IntLiteral: 7
      VariableDeclaration: long y
        Cast: long
          VariableExpression: x
      ReturnStmt:
        Cast: int
          VariableExpression: y
