TranslationUnit:
  TypedefDecl: 
  TypedefDecl: __builtin_va_list
  VariableDeclaration: extern int g
  VariableDeclaration: static int h
    IntLiteral: 5
  FunctionDecl: static int helper
    Block
      ReturnStmt:
        VariableExpression: h
  FunctionDecl: int main
    Block
      ReturnStmt:
        FunctionCall: helper
