TranslationUnit:
  TypedefDecl: 
  TypedefDecl: __builtin_va_list
  FunctionDecl: int main
    Block
      VariableDeclaration: long a
        SizeofType: int
      VariableDeclaration: long b
        SizeofType: long
      ReturnStmt:
        Binary: ADD
          VariableExpression: a
          VariableExpression: b
