TranslationUnit:
  FunctionDecl: int main
    Block
      VariableDeclaration: int x
        IntLiteral: 0
      SwitchStmt:
        IntLiteral: 1
        Block
          DefaultSection:
            ExpressionStatement
              Assignment: x
                IntLiteral: 42
          BreakStmt
      ReturnStmt:
        VariableExpression: x
